Impossible
16
276
Impossible
1978
831
917
Impossible
Impossible
2591
Impossible
Impossible
1371
Impossible
544
Impossible
1125
Impossible
2061
3824
Impossible
3711
1983
Impossible
3186
3583
2918
3177
2946
3687
