15
Impossible
Impossible
11
Impossible
10
Impossible
Impossible
16
16
10
15
18
Impossible
16
Impossible
15
15
12
15
17
16
17
15
3
1
12
2
1
18
