19
Impossible
Impossible
Impossible
14
Impossible
10
14
Impossible
15
312
391
466
367
Impossible
365
399
198
439
303
Impossible
328
Impossible
Impossible
3
1
18
2
1
23
