Impossible!
0
Impossible!
0
0
0
0
0
20893719
51275407
0
0
0
3031064
1212670
0
9724005
0
29573859
0
0
0
0
0
0
13786878
0
0
33003358
4680810
