0
0
0
0
0
0
0
Impossible!
Impossible!
0
0
0
0
0
Impossible!
0
Impossible!
0
Impossible!
Impossible!
Impossible!
0
0
0
0
0
Impossible!
0
0
Impossible!
